// Jest Snapshot v1, https://goo.gl/fbAQLP

exports[`Gallery it should match snapshot 1`] = `undefined`;
